Component: ARM Compiler 5.06 update 6 (build 750) Tool: armlink [4d35ed]

==============================================================================

Section Cross References

    startup.o(RESET) refers to startup.o(STACK) for Stack_Top
    startup.o(RESET) refers to entry.o(.ARM.Collect$$$$00000000) for __main
    animal.o(i.GPS) refers to uart.o(i.UART0_SendString) for UART0_SendString
    animal.o(i.GPS) refers to animal.o(i.get_Time) for get_Time
    animal.o(i.GPS) refers to uart.o(i.UART1_SendString) for UART1_SendString
    animal.o(i.GPS) refers to animal.o(i.get_Latitude) for get_Latitude
    animal.o(i.GPS) refers to animal.o(i.get_Longitude) for get_Longitude
    animal.o(i.GPS) refers to animal.o(i.get_Altitude) for get_Altitude
    animal.o(i.GPS) refers to memseta.o(.text) for __aeabi_memclr
    animal.o(i.GPS) refers to animal.o(.bss) for GGA_String
    animal.o(i.GPS) refers to animal.o(.data) for Altitude_Buffer
    animal.o(i.GPS_Init) refers to memseta.o(.text) for __aeabi_memclr
    animal.o(i.GPS_Init) refers to animal.o(.data) for IsItGGAString
    animal.o(i.GPS_Init) refers to animal.o(.bss) for GGA_String
    animal.o(i.GPS_Init) refers to animal.o(i.UART0_Interrupt) for UART0_Interrupt
    animal.o(i.Timer1_ISR) refers to animal.o(.data) for x
    animal.o(i.UART0_Interrupt) refers to animal.o(.data) for GGA_Index
    animal.o(i.UART0_Interrupt) refers to animal.o(.bss) for GGA_Comma_Pointers
    animal.o(i.beep) refers to lcd.o(i.delay_ms) for delay_ms
    animal.o(i.get_Altitude) refers to animal.o(.bss) for GGA_String
    animal.o(i.get_Altitude) refers to animal.o(.data) for Altitude_Buffer
    animal.o(i.get_Latitude) refers to atof.o(i.atof) for atof
    animal.o(i.get_Latitude) refers to d2f.o(.text) for __aeabi_d2f
    animal.o(i.get_Latitude) refers to fdiv.o(.text) for __aeabi_fdiv
    animal.o(i.get_Latitude) refers to ffixi.o(.text) for __aeabi_f2iz
    animal.o(i.get_Latitude) refers to fflti.o(.text) for __aeabi_i2f
    animal.o(i.get_Latitude) refers to fadd.o(.text) for __aeabi_frsub
    animal.o(i.get_Latitude) refers to f2d.o(.text) for __aeabi_f2d
    animal.o(i.get_Latitude) refers to ddiv.o(.text) for __aeabi_ddiv
    animal.o(i.get_Latitude) refers to printfa.o(i.__0sprintf) for __2sprintf
    animal.o(i.get_Latitude) refers to animal.o(.bss) for GGA_String
    animal.o(i.get_Longitude) refers to atof.o(i.atof) for atof
    animal.o(i.get_Longitude) refers to d2f.o(.text) for __aeabi_d2f
    animal.o(i.get_Longitude) refers to fdiv.o(.text) for __aeabi_fdiv
    animal.o(i.get_Longitude) refers to ffixi.o(.text) for __aeabi_f2iz
    animal.o(i.get_Longitude) refers to fflti.o(.text) for __aeabi_i2f
    animal.o(i.get_Longitude) refers to fadd.o(.text) for __aeabi_frsub
    animal.o(i.get_Longitude) refers to f2d.o(.text) for __aeabi_f2d
    animal.o(i.get_Longitude) refers to ddiv.o(.text) for __aeabi_ddiv
    animal.o(i.get_Longitude) refers to printfa.o(i.__0sprintf) for __2sprintf
    animal.o(i.get_Longitude) refers to animal.o(.bss) for GGA_String
    animal.o(i.get_Time) refers to atol.o(.text) for atol
    animal.o(i.get_Time) refers to uidiv.o(.text) for __aeabi_uidivmod
    animal.o(i.get_Time) refers to printfa.o(i.__0sprintf) for __2sprintf
    animal.o(i.get_Time) refers to animal.o(.bss) for GGA_String
    animal.o(i.hrsense) refers to lcd.o(i.delay_ms) for delay_ms
    animal.o(i.hrsense) refers to ffltui.o(.text) for __aeabi_ui2f
    animal.o(i.hrsense) refers to fdiv.o(.text) for __aeabi_fdiv
    animal.o(i.hrsense) refers to cfrcmple.o(.text) for __aeabi_cfrcmple
    animal.o(i.hrsense) refers to printfa.o(i.__0sprintf) for __2sprintf
    animal.o(i.hrsense) refers to uart.o(i.UART0_SendString) for UART0_SendString
    animal.o(i.hrsense) refers to lcd.o(i.LCD_CmdWrite) for LCD_CmdWrite
    animal.o(i.hrsense) refers to lcd.o(i.LCD_DisplayString) for LCD_DisplayString
    animal.o(i.hrsense) refers to animal.o(i.beep) for beep
    animal.o(i.hrsense) refers to f2d.o(.text) for __aeabi_f2d
    animal.o(i.hrsense) refers to animal.o(.data) for beatms
    animal.o(i.hrsense) refers to animal.o(.bss) for buf
    animal.o(i.main) refers to animal.o(i.Board_Init) for Board_Init
    animal.o(i.main) refers to animal.o(i.SystemInit) for SystemInit
    animal.o(i.main) refers to uart.o(i.UART1_init) for UART1_init
    animal.o(i.main) refers to animal.o(i.RTC_Init) for RTC_Init
    animal.o(i.main) refers to animal.o(i.timer1_Init) for timer1_Init
    animal.o(i.main) refers to lcd.o(i.LCD_Reset) for LCD_Reset
    animal.o(i.main) refers to lcd.o(i.LCD_Init) for LCD_Init
    animal.o(i.main) refers to animal.o(i.RTC_SetDateTime) for RTC_SetDateTime
    animal.o(i.main) refers to animal.o(i.GPS_Init) for GPS_Init
    animal.o(i.main) refers to uart.o(i.UART0_init) for UART0_init
    animal.o(i.main) refers to animal.o(i.RTC_GetDateTime) for RTC_GetDateTime
    animal.o(i.main) refers to printfa.o(i.__0sprintf) for __2sprintf
    animal.o(i.main) refers to uart.o(i.UART0_SendString) for UART0_SendString
    animal.o(i.main) refers to lcd.o(i.LCD_CmdWrite) for LCD_CmdWrite
    animal.o(i.main) refers to lcd.o(i.LCD_DisplayString) for LCD_DisplayString
    animal.o(i.main) refers to lcd.o(i.delay_ms) for delay_ms
    animal.o(i.main) refers to animal.o(i.hrsense) for hrsense
    animal.o(i.main) refers to animal.o(i.adc) for adc
    animal.o(i.main) refers to dfltui.o(.text) for __aeabi_ui2d
    animal.o(i.main) refers to dmul.o(.text) for __aeabi_dmul
    animal.o(i.main) refers to ddiv.o(.text) for __aeabi_ddiv
    animal.o(i.main) refers to dfixui.o(.text) for __aeabi_d2uiz
    animal.o(i.main) refers to uidiv.o(.text) for __aeabi_uidivmod
    animal.o(i.main) refers to animal.o(i.beep) for beep
    animal.o(i.main) refers to f2d.o(.text) for __aeabi_f2d
    animal.o(i.main) refers to uart.o(i.UART1_SendString) for UART1_SendString
    animal.o(i.main) refers to animal.o(.bss) for rtc
    animal.o(i.main) refers to animal.o(.data) for temp
    animal.o(i.timer1_Init) refers to animal.o(i.Timer1_ISR) for Timer1_ISR
    lcd.o(i.LCD_CmdWrite) refers to lcd.o(i.LCD_SendHigherNibble) for LCD_SendHigherNibble
    lcd.o(i.LCD_CmdWrite) refers to lcd.o(i.LCD_SendCmdSignals) for LCD_SendCmdSignals
    lcd.o(i.LCD_DataWrite) refers to lcd.o(i.LCD_SendHigherNibble) for LCD_SendHigherNibble
    lcd.o(i.LCD_DataWrite) refers to lcd.o(i.LCD_SendDataSignals) for LCD_SendDataSignals
    lcd.o(i.LCD_DisplayString) refers to lcd.o(i.LCD_DataWrite) for LCD_DataWrite
    lcd.o(i.LCD_Init) refers to lcd.o(i.delay_ms) for delay_ms
    lcd.o(i.LCD_Init) refers to lcd.o(i.LCD_Reset) for LCD_Reset
    lcd.o(i.LCD_Init) refers to lcd.o(i.LCD_CmdWrite) for LCD_CmdWrite
    lcd.o(i.LCD_Reset) refers to lcd.o(i.LCD_SendHigherNibble) for LCD_SendHigherNibble
    lcd.o(i.LCD_Reset) refers to lcd.o(i.LCD_SendCmdSignals) for LCD_SendCmdSignals
    lcd.o(i.LCD_Reset) refers to lcd.o(i.delay_ms) for delay_ms
    lcd.o(i.LCD_Reset) refers to lcd.o(i.delay_us) for delay_us
    lcd.o(i.LCD_SendCmdSignals) refers to lcd.o(i.delay_us) for delay_us
    lcd.o(i.LCD_SendDataSignals) refers to lcd.o(i.delay_us) for delay_us
    7seg.o(i.alphadisp7seg) refers to 7seg.o(i.getAlphaCode) for getAlphaCode
    7seg.o(i.alphadisp7seg) refers to 7seg.o(i.delay_ms2) for delay_ms2
    uart.o(i.UART0_SendString) refers to uart.o(i.UART0_TxChar) for UART0_TxChar
    uart.o(i.UART1_SendString) refers to uart.o(i.UART1_TxChar) for UART1_TxChar
    atof.o(i.__softfp_atof) refers (Special) to iusefp.o(.text) for __I$use$fp
    atof.o(i.__softfp_atof) refers to errno.o(i.__read_errno) for __read_errno
    atof.o(i.__softfp_atof) refers to strtod.o(.text) for __strtod_int
    atof.o(i.__softfp_atof) refers to errno.o(i.__set_errno) for __set_errno
    atof.o(i.atof) refers (Special) to iusefp.o(.text) for __I$use$fp
    atof.o(i.atof) refers to errno.o(i.__read_errno) for __read_errno
    atof.o(i.atof) refers to strtod.o(.text) for __strtod_int
    atof.o(i.atof) refers to errno.o(i.__set_errno) for __set_errno
    entry.o(.ARM.Collect$$$$00000000) refers (Special) to entry10a.o(.ARM.Collect$$$$0000000D) for __rt_final_cpp
    entry.o(.ARM.Collect$$$$00000000) refers (Special) to entry11a.o(.ARM.Collect$$$$0000000F) for __rt_final_exit
    entry.o(.ARM.Collect$$$$00000000) refers (Special) to entry7b.o(.ARM.Collect$$$$00000008) for _main_clock
    entry.o(.ARM.Collect$$$$00000000) refers (Special) to entry8b.o(.ARM.Collect$$$$0000000A) for _main_cpp_init
    entry.o(.ARM.Collect$$$$00000000) refers (Special) to entry9a.o(.ARM.Collect$$$$0000000B) for _main_init
    entry.o(.ARM.Collect$$$$00000000) refers (Special) to entry5.o(.ARM.Collect$$$$00000004) for _main_scatterload
    entry.o(.ARM.Collect$$$$00000000) refers (Special) to entry2.o(.ARM.Collect$$$$00000001) for _main_stk
    printfb.o(i.__0fprintf$bare) refers to printfb.o(i._printf_core) for _printf_core
    printfb.o(i.__0fprintf$bare) refers to fputc.o(i.fputc) for fputc
    printfb.o(i.__0printf$bare) refers to printfb.o(i._printf_core) for _printf_core
    printfb.o(i.__0printf$bare) refers to fputc.o(i.fputc) for fputc
    printfb.o(i.__0printf$bare) refers to stdout.o(.data) for __stdout
    printfb.o(i.__0snprintf$bare) refers to printfb.o(i._printf_core) for _printf_core
    printfb.o(i.__0snprintf$bare) refers to printfb.o(i._snputc) for _snputc
    printfb.o(i.__0sprintf$bare) refers to printfb.o(i._printf_core) for _printf_core
    printfb.o(i.__0sprintf$bare) refers to printfb.o(i._sputc) for _sputc
    printfb.o(i.__0vfprintf$bare) refers to printfb.o(i._printf_core) for _printf_core
    printfb.o(i.__0vfprintf$bare) refers to fputc.o(i.fputc) for fputc
    printfb.o(i.__0vprintf$bare) refers to printfb.o(i._printf_core) for _printf_core
    printfb.o(i.__0vprintf$bare) refers to fputc.o(i.fputc) for fputc
    printfb.o(i.__0vprintf$bare) refers to stdout.o(.data) for __stdout
    printfb.o(i.__0vsnprintf$bare) refers to printfb.o(i._printf_core) for _printf_core
    printfb.o(i.__0vsnprintf$bare) refers to printfb.o(i._snputc) for _snputc
    printfb.o(i.__0vsprintf$bare) refers to printfb.o(i._printf_core) for _printf_core
    printfb.o(i.__0vsprintf$bare) refers to printfb.o(i._sputc) for _sputc
    printfb.o(i._printf_core) refers to printfb.o(i.__ARM_common_call_via_r6) for __ARM_common_call_via_r6
    printf0.o(i.__0fprintf$0) refers to printf0.o(i._printf_core) for _printf_core
    printf0.o(i.__0fprintf$0) refers to fputc.o(i.fputc) for fputc
    printf0.o(i.__0printf$0) refers to printf0.o(i._printf_core) for _printf_core
    printf0.o(i.__0printf$0) refers to fputc.o(i.fputc) for fputc
    printf0.o(i.__0printf$0) refers to stdout.o(.data) for __stdout
    printf0.o(i.__0snprintf$0) refers to printf0.o(i._printf_core) for _printf_core
    printf0.o(i.__0snprintf$0) refers to printf0.o(i._snputc) for _snputc
    printf0.o(i.__0sprintf$0) refers to printf0.o(i._printf_core) for _printf_core
    printf0.o(i.__0sprintf$0) refers to printf0.o(i._sputc) for _sputc
    printf0.o(i.__0vfprintf$0) refers to printf0.o(i._printf_core) for _printf_core
    printf0.o(i.__0vfprintf$0) refers to fputc.o(i.fputc) for fputc
    printf0.o(i.__0vprintf$0) refers to printf0.o(i._printf_core) for _printf_core
    printf0.o(i.__0vprintf$0) refers to fputc.o(i.fputc) for fputc
    printf0.o(i.__0vprintf$0) refers to stdout.o(.data) for __stdout
    printf0.o(i.__0vsnprintf$0) refers to printf0.o(i._printf_core) for _printf_core
    printf0.o(i.__0vsnprintf$0) refers to printf0.o(i._snputc) for _snputc
    printf0.o(i.__0vsprintf$0) refers to printf0.o(i._printf_core) for _printf_core
    printf0.o(i.__0vsprintf$0) refers to printf0.o(i._sputc) for _sputc
    printf0.o(i._printf_core) refers to printfb.o(i.__ARM_common_call_via_r6) for __ARM_common_call_via_r6
    printf1.o(i.__0fprintf$1) refers to printf1.o(i._printf_core) for _printf_core
    printf1.o(i.__0fprintf$1) refers to fputc.o(i.fputc) for fputc
    printf1.o(i.__0printf$1) refers to printf1.o(i._printf_core) for _printf_core
    printf1.o(i.__0printf$1) refers to fputc.o(i.fputc) for fputc
    printf1.o(i.__0printf$1) refers to stdout.o(.data) for __stdout
    printf1.o(i.__0snprintf$1) refers to printf1.o(i._printf_core) for _printf_core
    printf1.o(i.__0snprintf$1) refers to printf1.o(i._snputc) for _snputc
    printf1.o(i.__0sprintf$1) refers to printf1.o(i._printf_core) for _printf_core
    printf1.o(i.__0sprintf$1) refers to printf1.o(i._sputc) for _sputc
    printf1.o(i.__0vfprintf$1) refers to printf1.o(i._printf_core) for _printf_core
    printf1.o(i.__0vfprintf$1) refers to fputc.o(i.fputc) for fputc
    printf1.o(i.__0vprintf$1) refers to printf1.o(i._printf_core) for _printf_core
    printf1.o(i.__0vprintf$1) refers to fputc.o(i.fputc) for fputc
    printf1.o(i.__0vprintf$1) refers to stdout.o(.data) for __stdout
    printf1.o(i.__0vsnprintf$1) refers to printf1.o(i._printf_core) for _printf_core
    printf1.o(i.__0vsnprintf$1) refers to printf1.o(i._snputc) for _snputc
    printf1.o(i.__0vsprintf$1) refers to printf1.o(i._printf_core) for _printf_core
    printf1.o(i.__0vsprintf$1) refers to printf1.o(i._sputc) for _sputc
    printf1.o(i._printf_core) refers to printf1.o(i.__ARM_common_call_via_r2) for __ARM_common_call_via_r2
    printf1.o(i._printf_core) refers to uidiv.o(.text) for __aeabi_uidivmod
    printf2.o(i.__0fprintf$2) refers to printf2.o(i._printf_core) for _printf_core
    printf2.o(i.__0fprintf$2) refers to fputc.o(i.fputc) for fputc
    printf2.o(i.__0printf$2) refers to printf2.o(i._printf_core) for _printf_core
    printf2.o(i.__0printf$2) refers to fputc.o(i.fputc) for fputc
    printf2.o(i.__0printf$2) refers to stdout.o(.data) for __stdout
    printf2.o(i.__0snprintf$2) refers to printf2.o(i._printf_core) for _printf_core
    printf2.o(i.__0snprintf$2) refers to printf2.o(i._snputc) for _snputc
    printf2.o(i.__0sprintf$2) refers to printf2.o(i._printf_core) for _printf_core
    printf2.o(i.__0sprintf$2) refers to printf2.o(i._sputc) for _sputc
    printf2.o(i.__0vfprintf$2) refers to printf2.o(i._printf_core) for _printf_core
    printf2.o(i.__0vfprintf$2) refers to fputc.o(i.fputc) for fputc
    printf2.o(i.__0vprintf$2) refers to printf2.o(i._printf_core) for _printf_core
    printf2.o(i.__0vprintf$2) refers to fputc.o(i.fputc) for fputc
    printf2.o(i.__0vprintf$2) refers to stdout.o(.data) for __stdout
    printf2.o(i.__0vsnprintf$2) refers to printf2.o(i._printf_core) for _printf_core
    printf2.o(i.__0vsnprintf$2) refers to printf2.o(i._snputc) for _snputc
    printf2.o(i.__0vsprintf$2) refers to printf2.o(i._printf_core) for _printf_core
    printf2.o(i.__0vsprintf$2) refers to printf2.o(i._sputc) for _sputc
    printf2.o(i._printf_core) refers to printf1.o(i.__ARM_common_call_via_r2) for __ARM_common_call_via_r2
    printf3.o(i.__0fprintf$3) refers to printf3.o(i._printf_core) for _printf_core
    printf3.o(i.__0fprintf$3) refers to fputc.o(i.fputc) for fputc
    printf3.o(i.__0printf$3) refers to printf3.o(i._printf_core) for _printf_core
    printf3.o(i.__0printf$3) refers to fputc.o(i.fputc) for fputc
    printf3.o(i.__0printf$3) refers to stdout.o(.data) for __stdout
    printf3.o(i.__0snprintf$3) refers to printf3.o(i._printf_core) for _printf_core
    printf3.o(i.__0snprintf$3) refers to printf3.o(i._snputc) for _snputc
    printf3.o(i.__0sprintf$3) refers to printf3.o(i._printf_core) for _printf_core
    printf3.o(i.__0sprintf$3) refers to printf3.o(i._sputc) for _sputc
    printf3.o(i.__0vfprintf$3) refers to printf3.o(i._printf_core) for _printf_core
    printf3.o(i.__0vfprintf$3) refers to fputc.o(i.fputc) for fputc
    printf3.o(i.__0vprintf$3) refers to printf3.o(i._printf_core) for _printf_core
    printf3.o(i.__0vprintf$3) refers to fputc.o(i.fputc) for fputc
    printf3.o(i.__0vprintf$3) refers to stdout.o(.data) for __stdout
    printf3.o(i.__0vsnprintf$3) refers to printf3.o(i._printf_core) for _printf_core
    printf3.o(i.__0vsnprintf$3) refers to printf3.o(i._snputc) for _snputc
    printf3.o(i.__0vsprintf$3) refers to printf3.o(i._printf_core) for _printf_core
    printf3.o(i.__0vsprintf$3) refers to printf3.o(i._sputc) for _sputc
    printf3.o(i._printf_core) refers to printf1.o(i.__ARM_common_call_via_r2) for __ARM_common_call_via_r2
    printf3.o(i._printf_core) refers to uidiv.o(.text) for __aeabi_uidivmod
    printf4.o(i.__0fprintf$4) refers to printf4.o(i._printf_core) for _printf_core
    printf4.o(i.__0fprintf$4) refers to fputc.o(i.fputc) for fputc
    printf4.o(i.__0printf$4) refers to printf4.o(i._printf_core) for _printf_core
    printf4.o(i.__0printf$4) refers to fputc.o(i.fputc) for fputc
    printf4.o(i.__0printf$4) refers to stdout.o(.data) for __stdout
    printf4.o(i.__0snprintf$4) refers to printf4.o(i._printf_core) for _printf_core
    printf4.o(i.__0snprintf$4) refers to printf4.o(i._snputc) for _snputc
    printf4.o(i.__0sprintf$4) refers to printf4.o(i._printf_core) for _printf_core
    printf4.o(i.__0sprintf$4) refers to printf4.o(i._sputc) for _sputc
    printf4.o(i.__0vfprintf$4) refers to printf4.o(i._printf_core) for _printf_core
    printf4.o(i.__0vfprintf$4) refers to fputc.o(i.fputc) for fputc
    printf4.o(i.__0vprintf$4) refers to printf4.o(i._printf_core) for _printf_core
    printf4.o(i.__0vprintf$4) refers to fputc.o(i.fputc) for fputc
    printf4.o(i.__0vprintf$4) refers to stdout.o(.data) for __stdout
    printf4.o(i.__0vsnprintf$4) refers to printf4.o(i._printf_core) for _printf_core
    printf4.o(i.__0vsnprintf$4) refers to printf4.o(i._snputc) for _snputc
    printf4.o(i.__0vsprintf$4) refers to printf4.o(i._printf_core) for _printf_core
    printf4.o(i.__0vsprintf$4) refers to printf4.o(i._sputc) for _sputc
    printf4.o(i._printf_core) refers to printf1.o(i.__ARM_common_call_via_r2) for __ARM_common_call_via_r2
    printf4.o(i._printf_core) refers to uldiv.o(.text) for __aeabi_uldivmod
    printf5.o(i.__0fprintf$5) refers to printf5.o(i._printf_core) for _printf_core
    printf5.o(i.__0fprintf$5) refers to fputc.o(i.fputc) for fputc
    printf5.o(i.__0printf$5) refers to printf5.o(i._printf_core) for _printf_core
    printf5.o(i.__0printf$5) refers to fputc.o(i.fputc) for fputc
    printf5.o(i.__0printf$5) refers to stdout.o(.data) for __stdout
    printf5.o(i.__0snprintf$5) refers to printf5.o(i._printf_core) for _printf_core
    printf5.o(i.__0snprintf$5) refers to printf5.o(i._snputc) for _snputc
    printf5.o(i.__0sprintf$5) refers to printf5.o(i._printf_core) for _printf_core
    printf5.o(i.__0sprintf$5) refers to printf5.o(i._sputc) for _sputc
    printf5.o(i.__0vfprintf$5) refers to printf5.o(i._printf_core) for _printf_core
    printf5.o(i.__0vfprintf$5) refers to fputc.o(i.fputc) for fputc
    printf5.o(i.__0vprintf$5) refers to printf5.o(i._printf_core) for _printf_core
    printf5.o(i.__0vprintf$5) refers to fputc.o(i.fputc) for fputc
    printf5.o(i.__0vprintf$5) refers to stdout.o(.data) for __stdout
    printf5.o(i.__0vsnprintf$5) refers to printf5.o(i._printf_core) for _printf_core
    printf5.o(i.__0vsnprintf$5) refers to printf5.o(i._snputc) for _snputc
    printf5.o(i.__0vsprintf$5) refers to printf5.o(i._printf_core) for _printf_core
    printf5.o(i.__0vsprintf$5) refers to printf5.o(i._sputc) for _sputc
    printf5.o(i._printf_core) refers to printf1.o(i.__ARM_common_call_via_r2) for __ARM_common_call_via_r2
    printf5.o(i._printf_core) refers to uldiv.o(.text) for __aeabi_uldivmod
    printf6.o(i.__0fprintf$6) refers to printf6.o(i._printf_core) for _printf_core
    printf6.o(i.__0fprintf$6) refers to fputc.o(i.fputc) for fputc
    printf6.o(i.__0printf$6) refers to printf6.o(i._printf_core) for _printf_core
    printf6.o(i.__0printf$6) refers to fputc.o(i.fputc) for fputc
    printf6.o(i.__0printf$6) refers to stdout.o(.data) for __stdout
    printf6.o(i.__0snprintf$6) refers to printf6.o(i._printf_core) for _printf_core
    printf6.o(i.__0snprintf$6) refers to printf6.o(i._snputc) for _snputc
    printf6.o(i.__0sprintf$6) refers to printf6.o(i._printf_core) for _printf_core
    printf6.o(i.__0sprintf$6) refers to printf6.o(i._sputc) for _sputc
    printf6.o(i.__0vfprintf$6) refers to printf6.o(i._printf_core) for _printf_core
    printf6.o(i.__0vfprintf$6) refers to fputc.o(i.fputc) for fputc
    printf6.o(i.__0vprintf$6) refers to printf6.o(i._printf_core) for _printf_core
    printf6.o(i.__0vprintf$6) refers to fputc.o(i.fputc) for fputc
    printf6.o(i.__0vprintf$6) refers to stdout.o(.data) for __stdout
    printf6.o(i.__0vsnprintf$6) refers to printf6.o(i._printf_core) for _printf_core
    printf6.o(i.__0vsnprintf$6) refers to printf6.o(i._snputc) for _snputc
    printf6.o(i.__0vsprintf$6) refers to printf6.o(i._printf_core) for _printf_core
    printf6.o(i.__0vsprintf$6) refers to printf6.o(i._sputc) for _sputc
    printf6.o(i._printf_core) refers to printf1.o(i.__ARM_common_call_via_r2) for __ARM_common_call_via_r2
    printf6.o(i._printf_core) refers to printf6.o(i._printf_pre_padding) for _printf_pre_padding
    printf6.o(i._printf_core) refers to printf6.o(i._printf_post_padding) for _printf_post_padding
    printf6.o(i._printf_core) refers to uidiv.o(.text) for __aeabi_uidivmod
    printf6.o(i._printf_post_padding) refers to printfb.o(i.__ARM_common_call_via_r6) for __ARM_common_call_via_r6
    printf6.o(i._printf_pre_padding) refers to printfb.o(i.__ARM_common_call_via_r6) for __ARM_common_call_via_r6
    printf7.o(i.__0fprintf$7) refers to printf7.o(i._printf_core) for _printf_core
    printf7.o(i.__0fprintf$7) refers to fputc.o(i.fputc) for fputc
    printf7.o(i.__0printf$7) refers to printf7.o(i._printf_core) for _printf_core
    printf7.o(i.__0printf$7) refers to fputc.o(i.fputc) for fputc
    printf7.o(i.__0printf$7) refers to stdout.o(.data) for __stdout
    printf7.o(i.__0snprintf$7) refers to printf7.o(i._printf_core) for _printf_core
    printf7.o(i.__0snprintf$7) refers to printf7.o(i._snputc) for _snputc
    printf7.o(i.__0sprintf$7) refers to printf7.o(i._printf_core) for _printf_core
    printf7.o(i.__0sprintf$7) refers to printf7.o(i._sputc) for _sputc
    printf7.o(i.__0vfprintf$7) refers to printf7.o(i._printf_core) for _printf_core
    printf7.o(i.__0vfprintf$7) refers to fputc.o(i.fputc) for fputc
    printf7.o(i.__0vprintf$7) refers to printf7.o(i._printf_core) for _printf_core
    printf7.o(i.__0vprintf$7) refers to fputc.o(i.fputc) for fputc
    printf7.o(i.__0vprintf$7) refers to stdout.o(.data) for __stdout
    printf7.o(i.__0vsnprintf$7) refers to printf7.o(i._printf_core) for _printf_core
    printf7.o(i.__0vsnprintf$7) refers to printf7.o(i._snputc) for _snputc
    printf7.o(i.__0vsprintf$7) refers to printf7.o(i._printf_core) for _printf_core
    printf7.o(i.__0vsprintf$7) refers to printf7.o(i._sputc) for _sputc
    printf7.o(i._printf_core) refers to printf1.o(i.__ARM_common_call_via_r2) for __ARM_common_call_via_r2
    printf7.o(i._printf_core) refers to printf7.o(i._printf_pre_padding) for _printf_pre_padding
    printf7.o(i._printf_core) refers to printf7.o(i._printf_post_padding) for _printf_post_padding
    printf7.o(i._printf_core) refers to uldiv.o(.text) for __aeabi_uldivmod
    printf7.o(i._printf_post_padding) refers to printfb.o(i.__ARM_common_call_via_r6) for __ARM_common_call_via_r6
    printf7.o(i._printf_pre_padding) refers to printfb.o(i.__ARM_common_call_via_r6) for __ARM_common_call_via_r6
    printf8.o(i.__0fprintf$8) refers to printf8.o(i._printf_core) for _printf_core
    printf8.o(i.__0fprintf$8) refers to fputc.o(i.fputc) for fputc
    printf8.o(i.__0printf$8) refers to printf8.o(i._printf_core) for _printf_core
    printf8.o(i.__0printf$8) refers to fputc.o(i.fputc) for fputc
    printf8.o(i.__0printf$8) refers to stdout.o(.data) for __stdout
    printf8.o(i.__0snprintf$8) refers to printf8.o(i._printf_core) for _printf_core
    printf8.o(i.__0snprintf$8) refers to printf8.o(i._snputc) for _snputc
    printf8.o(i.__0sprintf$8) refers to printf8.o(i._printf_core) for _printf_core
    printf8.o(i.__0sprintf$8) refers to printf8.o(i._sputc) for _sputc
    printf8.o(i.__0vfprintf$8) refers to printf8.o(i._printf_core) for _printf_core
    printf8.o(i.__0vfprintf$8) refers to fputc.o(i.fputc) for fputc
    printf8.o(i.__0vprintf$8) refers to printf8.o(i._printf_core) for _printf_core
    printf8.o(i.__0vprintf$8) refers to fputc.o(i.fputc) for fputc
    printf8.o(i.__0vprintf$8) refers to stdout.o(.data) for __stdout
    printf8.o(i.__0vsnprintf$8) refers to printf8.o(i._printf_core) for _printf_core
    printf8.o(i.__0vsnprintf$8) refers to printf8.o(i._snputc) for _snputc
    printf8.o(i.__0vsprintf$8) refers to printf8.o(i._printf_core) for _printf_core
    printf8.o(i.__0vsprintf$8) refers to printf8.o(i._sputc) for _sputc
    printf8.o(i._printf_core) refers to printf1.o(i.__ARM_common_call_via_r2) for __ARM_common_call_via_r2
    printf8.o(i._printf_core) refers to printf8.o(i._printf_pre_padding) for _printf_pre_padding
    printf8.o(i._printf_core) refers to printf8.o(i._printf_post_padding) for _printf_post_padding
    printf8.o(i._printf_core) refers to uldiv.o(.text) for __aeabi_uldivmod
    printf8.o(i._printf_post_padding) refers to printfb.o(i.__ARM_common_call_via_r6) for __ARM_common_call_via_r6
    printf8.o(i._printf_pre_padding) refers to printfb.o(i.__ARM_common_call_via_r6) for __ARM_common_call_via_r6
    printfa.o(i.__0fprintf) refers (Special) to iusefp.o(.text) for __I$use$fp
    printfa.o(i.__0fprintf) refers to printfa.o(i._printf_core) for _printf_core
    printfa.o(i.__0fprintf) refers to fputc.o(i.fputc) for fputc
    printfa.o(i.__0printf) refers (Special) to iusefp.o(.text) for __I$use$fp
    printfa.o(i.__0printf) refers to printfa.o(i._printf_core) for _printf_core
    printfa.o(i.__0printf) refers to fputc.o(i.fputc) for fputc
    printfa.o(i.__0printf) refers to stdout.o(.data) for __stdout
    printfa.o(i.__0snprintf) refers (Special) to iusefp.o(.text) for __I$use$fp
    printfa.o(i.__0snprintf) refers to printfa.o(i._printf_core) for _printf_core
    printfa.o(i.__0snprintf) refers to printfa.o(i._snputc) for _snputc
    printfa.o(i.__0sprintf) refers (Special) to iusefp.o(.text) for __I$use$fp
    printfa.o(i.__0sprintf) refers to printfa.o(i._printf_core) for _printf_core
    printfa.o(i.__0sprintf) refers to printfa.o(i._sputc) for _sputc
    printfa.o(i.__0vfprintf) refers (Special) to iusefp.o(.text) for __I$use$fp
    printfa.o(i.__0vfprintf) refers to printfa.o(i._printf_core) for _printf_core
    printfa.o(i.__0vfprintf) refers to fputc.o(i.fputc) for fputc
    printfa.o(i.__0vprintf) refers (Special) to iusefp.o(.text) for __I$use$fp
    printfa.o(i.__0vprintf) refers to printfa.o(i._printf_core) for _printf_core
    printfa.o(i.__0vprintf) refers to fputc.o(i.fputc) for fputc
    printfa.o(i.__0vprintf) refers to stdout.o(.data) for __stdout
    printfa.o(i.__0vsnprintf) refers (Special) to iusefp.o(.text) for __I$use$fp
    printfa.o(i.__0vsnprintf) refers to printfa.o(i._printf_core) for _printf_core
    printfa.o(i.__0vsnprintf) refers to printfa.o(i._snputc) for _snputc
    printfa.o(i.__0vsprintf) refers (Special) to iusefp.o(.text) for __I$use$fp
    printfa.o(i.__0vsprintf) refers to printfa.o(i._printf_core) for _printf_core
    printfa.o(i.__0vsprintf) refers to printfa.o(i._sputc) for _sputc
    printfa.o(i._fp_digits) refers (Special) to iusefp.o(.text) for __I$use$fp
    printfa.o(i._fp_digits) refers to dmul.o(.text) for __aeabi_dmul
    printfa.o(i._fp_digits) refers to ddiv.o(.text) for __aeabi_ddiv
    printfa.o(i._fp_digits) refers to cdrcmple.o(.text) for __aeabi_cdrcmple
    printfa.o(i._fp_digits) refers to dadd.o(.text) for __aeabi_dadd
    printfa.o(i._fp_digits) refers to dfixul.o(.text) for __aeabi_d2ulz
    printfa.o(i._fp_digits) refers to uldiv.o(.text) for __aeabi_uldivmod
    printfa.o(i._printf_core) refers (Special) to iusefp.o(.text) for __I$use$fp
    printfa.o(i._printf_core) refers to printf1.o(i.__ARM_common_call_via_r2) for __ARM_common_call_via_r2
    printfa.o(i._printf_core) refers to printfa.o(i._printf_pre_padding) for _printf_pre_padding
    printfa.o(i._printf_core) refers to uldiv.o(.text) for __aeabi_uldivmod
    printfa.o(i._printf_core) refers to printfa.o(i._printf_post_padding) for _printf_post_padding
    printfa.o(i._printf_core) refers to printfa.o(i._fp_digits) for _fp_digits
    printfa.o(i._printf_core) refers to uidiv.o(.text) for __aeabi_uidivmod
    printfa.o(i._printf_post_padding) refers (Special) to iusefp.o(.text) for __I$use$fp
    printfa.o(i._printf_post_padding) refers to printfb.o(i.__ARM_common_call_via_r6) for __ARM_common_call_via_r6
    printfa.o(i._printf_pre_padding) refers (Special) to iusefp.o(.text) for __I$use$fp
    printfa.o(i._printf_pre_padding) refers to printfb.o(i.__ARM_common_call_via_r6) for __ARM_common_call_via_r6
    printfa.o(i._snputc) refers (Special) to iusefp.o(.text) for __I$use$fp
    printfa.o(i._sputc) refers (Special) to iusefp.o(.text) for __I$use$fp
    atol.o(.text) refers to errno.o(i.__aeabi_errno_addr) for __aeabi_errno_addr
    atol.o(.text) refers to strtol.o(.text) for strtol
    fadd.o(.text) refers (Special) to iusefp.o(.text) for __I$use$fp
    fadd.o(.text) refers to fepilogue.o(.text) for _float_epilogue
    fdiv.o(.text) refers (Special) to iusefp.o(.text) for __I$use$fp
    fdiv.o(.text) refers to fepilogue.o(.text) for _float_round
    dmul.o(.text) refers (Special) to iusefp.o(.text) for __I$use$fp
    dmul.o(.text) refers to depilogue.o(.text) for _double_epilogue
    ddiv.o(.text) refers (Special) to iusefp.o(.text) for __I$use$fp
    ddiv.o(.text) refers to depilogue.o(.text) for _double_round
    fflti.o(.text) refers (Special) to iusefp.o(.text) for __I$use$fp
    fflti.o(.text) refers to fepilogue.o(.text) for _float_epilogue
    ffltui.o(.text) refers (Special) to iusefp.o(.text) for __I$use$fp
    ffltui.o(.text) refers to fepilogue.o(.text) for _float_epilogue
    dfltui.o(.text) refers (Special) to iusefp.o(.text) for __I$use$fp
    dfltui.o(.text) refers to depilogue.o(.text) for _double_epilogue
    ffixi.o(.text) refers (Special) to iusefp.o(.text) for __I$use$fp
    dfixui.o(.text) refers (Special) to iusefp.o(.text) for __I$use$fp
    dfixui.o(.text) refers to llushr.o(.text) for __aeabi_llsr
    f2d.o(.text) refers (Special) to iusefp.o(.text) for __I$use$fp
    d2f.o(.text) refers (Special) to iusefp.o(.text) for __I$use$fp
    d2f.o(.text) refers to fepilogue.o(.text) for _float_round
    cfrcmple.o(.text) refers (Special) to iusefp.o(.text) for __I$use$fp
    entry2.o(.ARM.Collect$$$$00000001) refers to entry2.o(.ARM.Collect$$$$00002712) for __lit__00000000
    entry2.o(.ARM.Collect$$$$00002712) refers to startup.o(STACK) for __initial_sp
    entry5.o(.ARM.Collect$$$$00000004) refers to init.o(.text) for __scatterload
    entry9a.o(.ARM.Collect$$$$0000000B) refers to animal.o(i.main) for main
    entry9b.o(.ARM.Collect$$$$0000000C) refers to animal.o(i.main) for main
    fputc.o(i.fputc) refers (Special) to iusesemip.o(.text) for __I$use$semihosting$fputc
    fputc.o(i.fputc) refers (Special) to semi.o(.text) for __semihosting_library_function
    uldiv.o(.text) refers to llushr.o(.text) for __aeabi_llsr
    uldiv.o(.text) refers to llshl.o(.text) for __aeabi_llsl
    errno.o(i.__aeabi_errno_addr) refers to errno.o(.data) for .data
    errno.o(i.__read_errno) refers to errno.o(.data) for .data
    errno.o(i.__set_errno) refers to errno.o(.data) for .data
    strtod.o(.text) refers to scanf_fp.o(.text) for _scanf_real
    strtod.o(.text) refers to _sgetc.o(.text) for _sgetc
    strtod.o(.text) refers to isspace_o.o(.text) for isspace
    strtol.o(.text) refers to ctype_o.o(.text) for __rt_ctype_table
    strtol.o(.text) refers to _strtoul.o(.text) for _strtoul
    strtol.o(.text) refers to errno.o(i.__aeabi_errno_addr) for __aeabi_errno_addr
    depilogue.o(.text) refers to depilogue.o(i.__ARM_clz) for __ARM_clz
    depilogue.o(.text) refers to llshl.o(.text) for __aeabi_llsl
    depilogue.o(.text) refers to llushr.o(.text) for __aeabi_llsr
    dadd.o(.text) refers to llshl.o(.text) for __aeabi_llsl
    dadd.o(.text) refers to llsshr.o(.text) for __aeabi_lasr
    dadd.o(.text) refers to depilogue.o(.text) for _double_epilogue
    dfixul.o(.text) refers to llushr.o(.text) for __aeabi_llsr
    dfixul.o(.text) refers to llshl.o(.text) for __aeabi_llsl
    init.o(.text) refers to init.o(i.__ARM_common_call_via_r3) for __ARM_common_call_via_r3
    init.o(.text) refers to entry5.o(.ARM.Collect$$$$00000004) for __main_after_scatterload
    isspace_c.o(.text) refers to ctype_c.o(.text) for __ctype_lookup
    ctype_o.o(.text) refers to ctype_o.o(.constdata) for .constdata
    ctype_o.o(.constdata) refers to ctype_o.o(.constdata) for __ctype_table
    isalnum_o.o(.text) refers to ctype_o.o(.text) for __rt_ctype_table
    isalpha_o.o(.text) refers to ctype_o.o(.text) for __rt_ctype_table
    isblank_o.o(.text) refers to ctype_o.o(.constdata) for __ctype_table
    iscntrl_o.o(.text) refers to ctype_o.o(.text) for __rt_ctype_table
    isdigit_o.o(.text) refers to ctype_o.o(.text) for __rt_ctype_table
    isgraph_o.o(.text) refers to ctype_o.o(.text) for __rt_ctype_table
    islower_o.o(.text) refers to ctype_o.o(.text) for __rt_ctype_table
    isprint_o.o(.text) refers to ctype_o.o(.text) for __rt_ctype_table
    ispunct_o.o(.text) refers to ctype_o.o(.text) for __rt_ctype_table
    isspace_o.o(.text) refers to ctype_o.o(.text) for __rt_ctype_table
    isupper_o.o(.text) refers to ctype_o.o(.text) for __rt_ctype_table
    isxdigit_o.o(.text) refers to ctype_o.o(.text) for __rt_ctype_table
    scanf_fp.o(.text) refers (Special) to iusefp.o(.text) for __I$use$fp
    scanf_fp.o(.text) refers to llmul.o(.text) for __aeabi_lmul
    scanf_fp.o(.text) refers to dfltul.o(.text) for __aeabi_ul2d
    scanf_fp.o(.text) refers to dmul.o(.text) for __aeabi_dmul
    scanf_fp.o(.text) refers to ddiv.o(.text) for __aeabi_ddiv
    scanf_fp.o(.text) refers to scanf_fp.o(i.__ARM_common_call_via_r1) for __ARM_common_call_via_r1
    scanf_fp.o(.text) refers to scanf_fp.o(i._is_digit) for _is_digit
    scanf_fp.o(.text) refers to d2f.o(.text) for __aeabi_d2f
    _strtoul.o(.text) refers to _chval.o(.text) for _chval
    _strtoul.o(.text) refers to errno.o(i.__aeabi_errno_addr) for __aeabi_errno_addr
    llmul.o(.text) refers to llshl.o(.text) for __aeabi_llsl
    ctype_c.o(.text) refers to ctype_c.o(.constdata) for .constdata
    dfltul.o(.text) refers to depilogue.o(.text) for _double_epilogue
    scanf_fp.o(i._is_digit) refers (Special) to iusefp.o(.text) for __I$use$fp
    scanf_fp.o(i.__ARM_common_call_via_r1) refers (Special) to iusefp.o(.text) for __I$use$fp


==============================================================================

Removing Unused input sections from the image.

    Removing startup.o(HEAP), (0 bytes).
    Removing animal.o(i.GPS), (344 bytes).
    Removing animal.o(i.delay), (104 bytes).
    Removing animal.o(i.get_Altitude), (108 bytes).
    Removing animal.o(i.get_Latitude), (300 bytes).
    Removing animal.o(i.get_Longitude), (300 bytes).
    Removing animal.o(i.get_Time), (244 bytes).
    Removing 7seg.o(i.alphadisp7seg), (244 bytes).
    Removing 7seg.o(i.delay_ms2), (52 bytes).
    Removing 7seg.o(i.getAlphaCode), (276 bytes).
    Removing fadd.o(.text), (186 bytes).
    Removing fflti.o(.text), (26 bytes).
    Removing ffixi.o(.text), (50 bytes).
    Removing d2f.o(.text), (60 bytes).
    Removing dfltul.o(.text), (28 bytes).

15 unused section(s) (total 2322 bytes) removed from the image.

==============================================================================

Adding Veneers to the image

    Adding AT veneer (8 bytes, Inline) for call to '__aeabi_uidivmod' from animal.o(i.main).
    Adding AT veneer (8 bytes, Inline) for call to '__aeabi_memclr' from animal.o(i.GPS_Init).
    Adding AT veneer (8 bytes, Inline) for call to '__aeabi_fdiv' from animal.o(i.hrsense).
    Adding AT veneer (8 bytes, Inline) for call to '__aeabi_dmul' from animal.o(i.main).
    Adding AT veneer (8 bytes, Inline) for call to '__aeabi_ddiv' from animal.o(i.main).
    Adding AT veneer (8 bytes, Inline) for call to '__aeabi_ui2f' from animal.o(i.hrsense).
    Adding AT veneer (8 bytes, Inline) for call to '__aeabi_ui2d' from animal.o(i.main).
    Adding AT veneer (8 bytes, Inline) for call to '__aeabi_d2uiz' from animal.o(i.main).
    Adding AT veneer (8 bytes, Inline) for call to '__aeabi_f2d' from animal.o(i.hrsense).
    Adding AT veneer (8 bytes, Inline) for call to '__aeabi_cfrcmple' from animal.o(i.hrsense).
    Adding AT veneer (8 bytes, Inline) for call to '__scatterload' from entry5.o(.ARM.Collect$$$$00000004).
    Adding TA veneer (8 bytes, Short) for call to '__main_after_scatterload' from init.o(.text).
    Adding AT veneer (12 bytes, Long) for call to '__aeabi_memclr4' from animal.o(i.GPS_Init).
    Adding AT veneer (8 bytes, Inline) for call to '__2sprintf' from animal.o(i.hrsense).

14 Veneer(s) (total 116 bytes) added to the image.

==============================================================================

Image Symbol Table

    Local Symbols

    Symbol Name                              Value     Ov Type        Size  Object(Section)

    RESET                                    0x00000000   Section      264  startup.o(RESET)
    ../clib/microlib/ctype/ctype.c           0x00000000   Number         0  isalpha_o.o ABSOLUTE
    ../clib/microlib/ctype/ctype.c           0x00000000   Number         0  isspace_c.o ABSOLUTE
    ../clib/microlib/ctype/ctype.c           0x00000000   Number         0  isupper_o.o ABSOLUTE
    ../clib/microlib/ctype/ctype.c           0x00000000   Number         0  isxdigit_o.o ABSOLUTE
    ../clib/microlib/ctype/ctype.c           0x00000000   Number         0  ctype_c.o ABSOLUTE
    ../clib/microlib/ctype/ctype.c           0x00000000   Number         0  islower_o.o ABSOLUTE
    ../clib/microlib/ctype/ctype.c           0x00000000   Number         0  isprint_o.o ABSOLUTE
    ../clib/microlib/ctype/ctype.c           0x00000000   Number         0  isspace_o.o ABSOLUTE
    ../clib/microlib/ctype/ctype.c           0x00000000   Number         0  ctype_o.o ABSOLUTE
    ../clib/microlib/ctype/ctype.c           0x00000000   Number         0  isalnum_o.o ABSOLUTE
    ../clib/microlib/ctype/ctype.c           0x00000000   Number         0  isblank_o.o ABSOLUTE
    ../clib/microlib/ctype/ctype.c           0x00000000   Number         0  iscntrl_o.o ABSOLUTE
    ../clib/microlib/ctype/ctype.c           0x00000000   Number         0  isdigit_o.o ABSOLUTE
    ../clib/microlib/ctype/ctype.c           0x00000000   Number         0  isgraph_o.o ABSOLUTE
    ../clib/microlib/ctype/ctype.c           0x00000000   Number         0  ispunct_o.o ABSOLUTE
    ../clib/microlib/division.c              0x00000000   Number         0  uidiv.o ABSOLUTE
    ../clib/microlib/division.c              0x00000000   Number         0  uldiv.o ABSOLUTE
    ../clib/microlib/errno.c                 0x00000000   Number         0  errno.o ABSOLUTE
    ../clib/microlib/init/entry.s            0x00000000   Number         0  entry10b.o ABSOLUTE
    ../clib/microlib/init/entry.s            0x00000000   Number         0  entry7b.o ABSOLUTE
    ../clib/microlib/init/entry.s            0x00000000   Number         0  entry11a.o ABSOLUTE
    ../clib/microlib/init/entry.s            0x00000000   Number         0  entry9a.o ABSOLUTE
    ../clib/microlib/init/entry.s            0x00000000   Number         0  entry8b.o ABSOLUTE
    ../clib/microlib/init/entry.s            0x00000000   Number         0  entry5.o ABSOLUTE
    ../clib/microlib/init/entry.s            0x00000000   Number         0  entry.o ABSOLUTE
    ../clib/microlib/init/entry.s            0x00000000   Number         0  entry7a.o ABSOLUTE
    ../clib/microlib/init/entry.s            0x00000000   Number         0  entry8a.o ABSOLUTE
    ../clib/microlib/init/entry.s            0x00000000   Number         0  entry11b.o ABSOLUTE
    ../clib/microlib/init/entry.s            0x00000000   Number         0  entry10a.o ABSOLUTE
    ../clib/microlib/init/entry.s            0x00000000   Number         0  entry9b.o ABSOLUTE
    ../clib/microlib/init/entry.s            0x00000000   Number         0  entry2.o ABSOLUTE
    ../clib/microlib/longlong.c              0x00000000   Number         0  llsshr.o ABSOLUTE
    ../clib/microlib/longlong.c              0x00000000   Number         0  llshl.o ABSOLUTE
    ../clib/microlib/longlong.c              0x00000000   Number         0  llushr.o ABSOLUTE
    ../clib/microlib/longlong.c              0x00000000   Number         0  llmul.o ABSOLUTE
    ../clib/microlib/printf/printf.c         0x00000000   Number         0  printf8.o ABSOLUTE
    ../clib/microlib/printf/printf.c         0x00000000   Number         0  printf0.o ABSOLUTE
    ../clib/microlib/printf/printf.c         0x00000000   Number         0  printfb.o ABSOLUTE
    ../clib/microlib/printf/printf.c         0x00000000   Number         0  printf1.o ABSOLUTE
    ../clib/microlib/printf/printf.c         0x00000000   Number         0  printf5.o ABSOLUTE
    ../clib/microlib/printf/printf.c         0x00000000   Number         0  printf6.o ABSOLUTE
    ../clib/microlib/printf/printf.c         0x00000000   Number         0  printf7.o ABSOLUTE
    ../clib/microlib/printf/printf.c         0x00000000   Number         0  printf4.o ABSOLUTE
    ../clib/microlib/printf/printf.c         0x00000000   Number         0  printfa.o ABSOLUTE
    ../clib/microlib/printf/printf.c         0x00000000   Number         0  printf2.o ABSOLUTE
    ../clib/microlib/printf/printf.c         0x00000000   Number         0  printf3.o ABSOLUTE
    ../clib/microlib/printf/stubs.s          0x00000000   Number         0  stubs.o ABSOLUTE
    ../clib/microlib/stdio/fputc.c           0x00000000   Number         0  fputc.o ABSOLUTE
    ../clib/microlib/stdio/semi.s            0x00000000   Number         0  semi.o ABSOLUTE
    ../clib/microlib/stdio/streams.c         0x00000000   Number         0  stdout.o ABSOLUTE
    ../clib/microlib/string/memset.c         0x00000000   Number         0  memseta.o ABSOLUTE
    ../clib/microlib/stubs.s                 0x00000000   Number         0  iusefp.o ABSOLUTE
    ../clib/microlib/stubs.s                 0x00000000   Number         0  iusesemip.o ABSOLUTE
    ../clib/scanf.c                          0x00000000   Number         0  scanf_fp.o ABSOLUTE
    ../clib/scanf.c                          0x00000000   Number         0  _sgetc.o ABSOLUTE
    ../clib/scanf.c                          0x00000000   Number         0  _strtoul.o ABSOLUTE
    ../clib/scanf.c                          0x00000000   Number         0  strtod.o ABSOLUTE
    ../clib/scanf.c                          0x00000000   Number         0  strtol.o ABSOLUTE
    ../clib/scanf.c                          0x00000000   Number         0  atol.o ABSOLUTE
    ../clib/scanf.c                          0x00000000   Number         0  _chval.o ABSOLUTE
    ../fplib/microlib/d2f.c                  0x00000000   Number         0  d2f.o ABSOLUTE
    ../fplib/microlib/f2d.c                  0x00000000   Number         0  f2d.o ABSOLUTE
    ../fplib/microlib/fpadd.c                0x00000000   Number         0  dadd.o ABSOLUTE
    ../fplib/microlib/fpadd.c                0x00000000   Number         0  fadd.o ABSOLUTE
    ../fplib/microlib/fpdiv.c                0x00000000   Number         0  fdiv.o ABSOLUTE
    ../fplib/microlib/fpdiv.c                0x00000000   Number         0  ddiv.o ABSOLUTE
    ../fplib/microlib/fpepilogue.c           0x00000000   Number         0  depilogue.o ABSOLUTE
    ../fplib/microlib/fpepilogue.c           0x00000000   Number         0  fepilogue.o ABSOLUTE
    ../fplib/microlib/fpfix.c                0x00000000   Number         0  dfixul.o ABSOLUTE
    ../fplib/microlib/fpfix.c                0x00000000   Number         0  dfixui.o ABSOLUTE
    ../fplib/microlib/fpfix.c                0x00000000   Number         0  ffixi.o ABSOLUTE
    ../fplib/microlib/fpflt.c                0x00000000   Number         0  fflti.o ABSOLUTE
    ../fplib/microlib/fpflt.c                0x00000000   Number         0  dfltui.o ABSOLUTE
    ../fplib/microlib/fpflt.c                0x00000000   Number         0  ffltui.o ABSOLUTE
    ../fplib/microlib/fpflt.c                0x00000000   Number         0  dfltul.o ABSOLUTE
    ../fplib/microlib/fpmul.c                0x00000000   Number         0  dmul.o ABSOLUTE
    ../mathlib/atof.c                        0x00000000   Number         0  atof.o ABSOLUTE
    7seg.c                                   0x00000000   Number         0  7seg.o ABSOLUTE
    LCD.c                                    0x00000000   Number         0  lcd.o ABSOLUTE
    Startup.s                                0x00000000   Number         0  startup.o ABSOLUTE
    animal.c                                 0x00000000   Number         0  animal.o ABSOLUTE
    cdrcmple.s                               0x00000000   Number         0  cdrcmple.o ABSOLUTE
    cfrcmple.s                               0x00000000   Number         0  cfrcmple.o ABSOLUTE
    dc.s                                     0x00000000   Number         0  dc.o ABSOLUTE
    handlers.s                               0x00000000   Number         0  handlers.o ABSOLUTE
    init.s                                   0x00000000   Number         0  init.o ABSOLUTE
    uart.c                                   0x00000000   Number         0  uart.o ABSOLUTE
    Undef_Handler                            0x00000040   ARM Code       4  startup.o(RESET)
    SWI_Handler                              0x00000044   ARM Code       4  startup.o(RESET)
    PAbt_Handler                             0x00000048   ARM Code       4  startup.o(RESET)
    DAbt_Handler                             0x0000004c   ARM Code       4  startup.o(RESET)
    IRQ_Handler                              0x00000050   ARM Code       4  startup.o(RESET)
    FIQ_Handler                              0x00000054   ARM Code       4  startup.o(RESET)
    .ARM.Collect$$$$00000000                 0x00000108   Section        0  entry.o(.ARM.Collect$$$$00000000)
    .ARM.Collect$$$$00000001                 0x00000108   Section        4  entry2.o(.ARM.Collect$$$$00000001)
    .ARM.Collect$$$$00000004                 0x0000010c   Section        4  entry5.o(.ARM.Collect$$$$00000004)
    .ARM.Collect$$$$00000008                 0x00000110   Section        0  entry7b.o(.ARM.Collect$$$$00000008)
    .ARM.Collect$$$$0000000A                 0x00000110   Section        0  entry8b.o(.ARM.Collect$$$$0000000A)
    .ARM.Collect$$$$0000000B                 0x00000110   Section       12  entry9a.o(.ARM.Collect$$$$0000000B)
    .ARM.Collect$$$$0000000D                 0x0000011c   Section        0  entry10a.o(.ARM.Collect$$$$0000000D)
    .ARM.Collect$$$$0000000F                 0x0000011c   Section        0  entry11a.o(.ARM.Collect$$$$0000000F)
    .ARM.Collect$$$$00002712                 0x0000011c   Section        4  entry2.o(.ARM.Collect$$$$00002712)
    __lit__00000000                          0x0000011c   Data           4  entry2.o(.ARM.Collect$$$$00002712)
    .text                                    0x00000128   Section        0  uidiv.o(.text)
    .text                                    0x00000160   Section        0  memseta.o(.text)
    .text                                    0x00000194   Section        0  fdiv.o(.text)
    .text                                    0x0000021c   Section        0  dmul.o(.text)
    .text                                    0x000002f8   Section        0  ddiv.o(.text)
    .text                                    0x000003f4   Section        0  ffltui.o(.text)
    .text                                    0x00000410   Section        0  dfltui.o(.text)
    .text                                    0x00000438   Section        0  dfixui.o(.text)
    .text                                    0x00000480   Section        0  f2d.o(.text)
    .text                                    0x000004b0   Section       20  cfrcmple.o(.text)
    .text                                    0x000004c4   Section        0  uldiv.o(.text)
    .text                                    0x0000052c   Section        0  llushr.o(.text)
    .text                                    0x00000550   Section        0  fepilogue.o(.text)
    .text                                    0x00000550   Section        0  iusefp.o(.text)
    .text                                    0x000005d2   Section        0  depilogue.o(.text)
    .text                                    0x00000698   Section        0  dadd.o(.text)
    .text                                    0x00000800   Section        0  dfixul.o(.text)
    .text                                    0x00000844   Section       40  cdrcmple.o(.text)
    .text                                    0x00000874   Section       32  init.o(.text)
    .text                                    0x00000894   Section        0  llshl.o(.text)
    .text                                    0x000008b6   Section        0  llsshr.o(.text)
    i.Board_Init                             0x000008f4   Section        0  animal.o(i.Board_Init)
    i.GPS_Init                               0x00000948   Section        0  animal.o(i.GPS_Init)
    i.LCD_CmdWrite                           0x000009e8   Section        0  lcd.o(i.LCD_CmdWrite)
    i.LCD_DataWrite                          0x00000a18   Section        0  lcd.o(i.LCD_DataWrite)
    i.LCD_DisplayString                      0x00000a48   Section        0  lcd.o(i.LCD_DisplayString)
    i.LCD_Init                               0x00000a70   Section        0  lcd.o(i.LCD_Init)
    i.LCD_Reset                              0x00000aa8   Section        0  lcd.o(i.LCD_Reset)
    i.LCD_SendCmdSignals                     0x00000b04   Section        0  lcd.o(i.LCD_SendCmdSignals)
    i.LCD_SendDataSignals                    0x00000b3c   Section        0  lcd.o(i.LCD_SendDataSignals)
    i.LCD_SendHigherNibble                   0x00000b74   Section        0  lcd.o(i.LCD_SendHigherNibble)
    i.RTC_GetDateTime                        0x00000b98   Section        0  animal.o(i.RTC_GetDateTime)
    i.RTC_Init                               0x00000bf4   Section        0  animal.o(i.RTC_Init)
    i.RTC_SetDateTime                        0x00000c08   Section        0  animal.o(i.RTC_SetDateTime)
    i.SystemInit                             0x00000c4c   Section        0  animal.o(i.SystemInit)
    i.Timer1_ISR                             0x00000cb4   Section        0  animal.o(i.Timer1_ISR)
    i.UART0_Interrupt                        0x00000d20   Section        0  animal.o(i.UART0_Interrupt)
    i.UART0_SendString                       0x00000e60   Section        0  uart.o(i.UART0_SendString)
    i.UART0_TxChar                           0x00000eb0   Section        0  uart.o(i.UART0_TxChar)
    i.UART0_init                             0x00000ef0   Section        0  uart.o(i.UART0_init)
    i.UART1_SendString                       0x00000f38   Section        0  uart.o(i.UART1_SendString)
    i.UART1_TxChar                           0x00000f88   Section        0  uart.o(i.UART1_TxChar)
    i.UART1_init                             0x00000fc8   Section        0  uart.o(i.UART1_init)
    i.__0sprintf                             0x00001020   Section        0  printfa.o(i.__0sprintf)
    i.__ARM_clz                              0x00001048   Section        0  depilogue.o(i.__ARM_clz)
    i.__ARM_common_call_via_r2               0x00001076   Section        0  printf1.o(i.__ARM_common_call_via_r2)
    i.__ARM_common_call_via_r3               0x00001078   Section        2  init.o(i.__ARM_common_call_via_r3)
    i.__ARM_common_call_via_r6               0x0000107a   Section        0  printfb.o(i.__ARM_common_call_via_r6)
    i.__scatterload_copy                     0x0000107c   Section       28  handlers.o(i.__scatterload_copy)
    i.__scatterload_null                     0x00001098   Section        4  handlers.o(i.__scatterload_null)
    i.__scatterload_zeroinit                 0x0000109c   Section       24  handlers.o(i.__scatterload_zeroinit)
    i._fp_digits                             0x000010b4   Section        0  printfa.o(i._fp_digits)
    _fp_digits                               0x000010b5   Thumb Code   348  printfa.o(i._fp_digits)
    i._printf_core                           0x0000122c   Section        0  printfa.o(i._printf_core)
    _printf_core                             0x0000122d   Thumb Code  1790  printfa.o(i._printf_core)
    i._printf_post_padding                   0x0000193c   Section        0  printfa.o(i._printf_post_padding)
    _printf_post_padding                     0x0000193d   Thumb Code    38  printfa.o(i._printf_post_padding)
    i._printf_pre_padding                    0x00001962   Section        0  printfa.o(i._printf_pre_padding)
    _printf_pre_padding                      0x00001963   Thumb Code    50  printfa.o(i._printf_pre_padding)
    i._sputc                                 0x00001994   Section        0  printfa.o(i._sputc)
    _sputc                                   0x00001995   Thumb Code    10  printfa.o(i._sputc)
    i.adc                                    0x000019a0   Section        0  animal.o(i.adc)
    i.beep                                   0x00001a8c   Section        0  animal.o(i.beep)
    i.delay_ms                               0x00001ad0   Section        0  lcd.o(i.delay_ms)
    i.delay_us                               0x00001b04   Section        0  lcd.o(i.delay_us)
    i.hrsense                                0x00001b38   Section        0  animal.o(i.hrsense)
    i.main                                   0x00001cfc   Section        0  animal.o(i.main)
    i.timer1_Init                            0x00002068   Section        0  animal.o(i.timer1_Init)
    .data                                    0x40000000   Section       52  animal.o(.data)
    .bss                                     0x40000034   Section      317  animal.o(.bss)
    STACK                                    0x40000178   Section     1160  startup.o(STACK)
    Stack_Top                                0x40000600   Data           0  startup.o(STACK)

    Global Symbols

    Symbol Name                              Value     Ov Type        Size  Object(Section)

    BuildAttributes$$THM_ISAv1$ARM_ISAv4$S$PE$A:L22$X:L11$S22$IEEE1$IW$USESV6$~STKCKD$USESV7$~SHL$OTIME$ROPI$IEEEJ$EBA8$MICROLIB$REQ8$PRES8$EABIv2 0x00000000   Number         0  anon$$obj.o ABSOLUTE
    __ARM_use_no_argv                        0x00000000   Number         0  animal.o ABSOLUTE
    _printf_a                                0x00000000   Number         0  stubs.o ABSOLUTE
    _printf_c                                0x00000000   Number         0  stubs.o ABSOLUTE
    _printf_charcount                        0x00000000   Number         0  stubs.o ABSOLUTE
    _printf_d                                0x00000000   Number         0  stubs.o ABSOLUTE
    _printf_e                                0x00000000   Number         0  stubs.o ABSOLUTE
    _printf_f                                0x00000000   Number         0  stubs.o ABSOLUTE
    _printf_flags                            0x00000000   Number         0  stubs.o ABSOLUTE
    _printf_fp_dec                           0x00000000   Number         0  stubs.o ABSOLUTE
    _printf_fp_hex                           0x00000000   Number         0  stubs.o ABSOLUTE
    _printf_g                                0x00000000   Number         0  stubs.o ABSOLUTE
    _printf_i                                0x00000000   Number         0  stubs.o ABSOLUTE
    _printf_int_dec                          0x00000000   Number         0  stubs.o ABSOLUTE
    _printf_l                                0x00000000   Number         0  stubs.o ABSOLUTE
    _printf_lc                               0x00000000   Number         0  stubs.o ABSOLUTE
    _printf_ll                               0x00000000   Number         0  stubs.o ABSOLUTE
    _printf_lld                              0x00000000   Number         0  stubs.o ABSOLUTE
    _printf_lli                              0x00000000   Number         0  stubs.o ABSOLUTE
    _printf_llo                              0x00000000   Number         0  stubs.o ABSOLUTE
    _printf_llu                              0x00000000   Number         0  stubs.o ABSOLUTE
    _printf_llx                              0x00000000   Number         0  stubs.o ABSOLUTE
    _printf_longlong_dec                     0x00000000   Number         0  stubs.o ABSOLUTE
    _printf_longlong_hex                     0x00000000   Number         0  stubs.o ABSOLUTE
    _printf_longlong_oct                     0x00000000   Number         0  stubs.o ABSOLUTE
    _printf_ls                               0x00000000   Number         0  stubs.o ABSOLUTE
    _printf_mbtowc                           0x00000000   Number         0  stubs.o ABSOLUTE
    _printf_n                                0x00000000   Number         0  stubs.o ABSOLUTE
    _printf_o                                0x00000000   Number         0  stubs.o ABSOLUTE
    _printf_p                                0x00000000   Number         0  stubs.o ABSOLUTE
    _printf_percent                          0x00000000   Number         0  stubs.o ABSOLUTE
    _printf_pre_padding                      0x00000000   Number         0  stubs.o ABSOLUTE
    _printf_return_value                     0x00000000   Number         0  stubs.o ABSOLUTE
    _printf_s                                0x00000000   Number         0  stubs.o ABSOLUTE
    _printf_sizespec                         0x00000000   Number         0  stubs.o ABSOLUTE
    _printf_str                              0x00000000   Number         0  stubs.o ABSOLUTE
    _printf_truncate_signed                  0x00000000   Number         0  stubs.o ABSOLUTE
    _printf_truncate_unsigned                0x00000000   Number         0  stubs.o ABSOLUTE
    _printf_u                                0x00000000   Number         0  stubs.o ABSOLUTE
    _printf_wc                               0x00000000   Number         0  stubs.o ABSOLUTE
    _printf_wctomb                           0x00000000   Number         0  stubs.o ABSOLUTE
    _printf_widthprec                        0x00000000   Number         0  stubs.o ABSOLUTE
    _printf_x                                0x00000000   Number         0  stubs.o ABSOLUTE
    __cpp_initialize__aeabi_                  - Undefined Weak Reference
    __cxa_finalize                            - Undefined Weak Reference
    __decompress                              - Undefined Weak Reference
    _clock_init                               - Undefined Weak Reference
    _microlib_exit                            - Undefined Weak Reference
    Reset_Handler                            0x00000058   ARM Code       0  startup.o(RESET)
    __main                                   0x00000108   ARM Code       0  entry.o(.ARM.Collect$$$$00000000)
    _main_stk                                0x00000108   ARM Code       0  entry2.o(.ARM.Collect$$$$00000001)
    _main_scatterload                        0x0000010c   ARM Code       0  entry5.o(.ARM.Collect$$$$00000004)
    __main_after_scatterload                 0x00000110   ARM Code       0  entry5.o(.ARM.Collect$$$$00000004)
    _main_clock                              0x00000110   ARM Code       0  entry7b.o(.ARM.Collect$$$$00000008)
    _main_cpp_init                           0x00000110   ARM Code       0  entry8b.o(.ARM.Collect$$$$0000000A)
    _main_init                               0x00000110   ARM Code       0  entry9a.o(.ARM.Collect$$$$0000000B)
    __rt_final_cpp                           0x0000011c   ARM Code       0  entry10a.o(.ARM.Collect$$$$0000000D)
    __rt_final_exit                          0x0000011c   ARM Code       0  entry11a.o(.ARM.Collect$$$$0000000F)
    Inline ARM to Thumb Veneer to __aeabi_uidivmod 0x00000120   ARM Code       8  uidiv.o(.text)
    __aeabi_uidiv                            0x00000129   Thumb Code     0  uidiv.o(.text)
    __aeabi_uidivmod                         0x00000129   Thumb Code    46  uidiv.o(.text)
    Inline ARM to Thumb Veneer to __aeabi_memclr 0x00000158   ARM Code       8  memseta.o(.text)
    __aeabi_memset                           0x00000161   Thumb Code    16  memseta.o(.text)
    __aeabi_memset4                          0x00000161   Thumb Code     0  memseta.o(.text)
    __aeabi_memset8                          0x00000161   Thumb Code     0  memseta.o(.text)
    __aeabi_memclr                           0x00000171   Thumb Code     4  memseta.o(.text)
    __aeabi_memclr4                          0x00000171   Thumb Code     0  memseta.o(.text)
    __aeabi_memclr8                          0x00000171   Thumb Code     0  memseta.o(.text)
    _memset$wrapper                          0x00000175   Thumb Code    22  memseta.o(.text)
    Inline ARM to Thumb Veneer to __aeabi_fdiv 0x0000018c   ARM Code       8  fdiv.o(.text)
    __aeabi_fdiv                             0x00000195   Thumb Code   128  fdiv.o(.text)
    Inline ARM to Thumb Veneer to __aeabi_dmul 0x00000214   ARM Code       8  dmul.o(.text)
    __aeabi_dmul                             0x0000021d   Thumb Code   206  dmul.o(.text)
    Inline ARM to Thumb Veneer to __aeabi_ddiv 0x000002f0   ARM Code       8  ddiv.o(.text)
    __aeabi_ddiv                             0x000002f9   Thumb Code   238  ddiv.o(.text)
    Inline ARM to Thumb Veneer to __aeabi_ui2f 0x000003ec   ARM Code       8  ffltui.o(.text)
    __aeabi_ui2f                             0x000003f5   Thumb Code    18  ffltui.o(.text)
    Inline ARM to Thumb Veneer to __aeabi_ui2d 0x00000408   ARM Code       8  dfltui.o(.text)
    __aeabi_ui2d                             0x00000411   Thumb Code    26  dfltui.o(.text)
    Inline ARM to Thumb Veneer to __aeabi_d2uiz 0x00000430   ARM Code       8  dfixui.o(.text)
    __aeabi_d2uiz                            0x00000439   Thumb Code    54  dfixui.o(.text)
    Inline ARM to Thumb Veneer to __aeabi_f2d 0x00000478   ARM Code       8  f2d.o(.text)
    __aeabi_f2d                              0x00000481   Thumb Code    40  f2d.o(.text)
    Inline ARM to Thumb Veneer to __aeabi_cfrcmple 0x000004a8   ARM Code       8  cfrcmple.o(.text)
    __aeabi_cfrcmple                         0x000004b1   Thumb Code    20  cfrcmple.o(.text)
    __aeabi_uldivmod                         0x000004c5   Thumb Code   104  uldiv.o(.text)
    __aeabi_llsr                             0x0000052d   Thumb Code    36  llushr.o(.text)
    _ll_ushift_r                             0x0000052d   Thumb Code     0  llushr.o(.text)
    __I$use$fp                               0x00000550   ARM Code       0  iusefp.o(.text)
    _float_round                             0x00000551   Thumb Code    16  fepilogue.o(.text)
    _float_epilogue                          0x00000561   Thumb Code   114  fepilogue.o(.text)
    _double_round                            0x000005d3   Thumb Code    28  depilogue.o(.text)
    _double_epilogue                         0x000005ef   Thumb Code   168  depilogue.o(.text)
    __aeabi_dadd                             0x00000699   Thumb Code   332  dadd.o(.text)
    __aeabi_dsub                             0x000007e5   Thumb Code    12  dadd.o(.text)
    __aeabi_drsub                            0x000007f1   Thumb Code    12  dadd.o(.text)
    __aeabi_d2ulz                            0x00000801   Thumb Code    58  dfixul.o(.text)
    __aeabi_cdrcmple                         0x00000845   Thumb Code    40  cdrcmple.o(.text)
    Inline ARM to Thumb Veneer to __scatterload 0x0000086c   ARM Code       8  init.o(.text)
    __scatterload                            0x00000875   Thumb Code    24  init.o(.text)
    __scatterload_rt2                        0x00000875   Thumb Code     0  init.o(.text)
    __aeabi_llsl                             0x00000895   Thumb Code    34  llshl.o(.text)
    _ll_shift_l                              0x00000895   Thumb Code     0  llshl.o(.text)
    __aeabi_lasr                             0x000008b7   Thumb Code    40  llsshr.o(.text)
    _ll_sshift_r                             0x000008b7   Thumb Code     0  llsshr.o(.text)
    Short Thumb to ARM Veneer to __main_after_scatterload 0x000008e1   Thumb Code     8  anon$$obj.o(Veneer$$Code)
    Long ARM to Thumb Veneer to __aeabi_memclr4 0x000008e8   ARM Code      12  anon$$obj.o(Veneer$$Code)
    Board_Init                               0x000008f4   ARM Code      80  animal.o(i.Board_Init)
    GPS_Init                                 0x00000948   ARM Code     128  animal.o(i.GPS_Init)
    LCD_CmdWrite                             0x000009e8   ARM Code      48  lcd.o(i.LCD_CmdWrite)
    LCD_DataWrite                            0x00000a18   ARM Code      48  lcd.o(i.LCD_DataWrite)
    LCD_DisplayString                        0x00000a48   ARM Code      40  lcd.o(i.LCD_DisplayString)
    LCD_Init                                 0x00000a70   ARM Code      56  lcd.o(i.LCD_Init)
    LCD_Reset                                0x00000aa8   ARM Code      92  lcd.o(i.LCD_Reset)
    LCD_SendCmdSignals                       0x00000b04   ARM Code      52  lcd.o(i.LCD_SendCmdSignals)
    LCD_SendDataSignals                      0x00000b3c   ARM Code      52  lcd.o(i.LCD_SendDataSignals)
    LCD_SendHigherNibble                     0x00000b74   ARM Code      32  lcd.o(i.LCD_SendHigherNibble)
    RTC_GetDateTime                          0x00000b98   ARM Code      88  animal.o(i.RTC_GetDateTime)
    RTC_Init                                 0x00000bf4   ARM Code      16  animal.o(i.RTC_Init)
    RTC_SetDateTime                          0x00000c08   ARM Code      64  animal.o(i.RTC_SetDateTime)
    SystemInit                               0x00000c4c   ARM Code     100  animal.o(i.SystemInit)
    Timer1_ISR                               0x00000cb4   ARM Code      96  animal.o(i.Timer1_ISR)
    UART0_Interrupt                          0x00000d20   ARM Code     292  animal.o(i.UART0_Interrupt)
    UART0_SendString                         0x00000e60   ARM Code      76  uart.o(i.UART0_SendString)
    UART0_TxChar                             0x00000eb0   ARM Code      60  uart.o(i.UART0_TxChar)
    UART0_init                               0x00000ef0   ARM Code      68  uart.o(i.UART0_init)
    UART1_SendString                         0x00000f38   ARM Code      76  uart.o(i.UART1_SendString)
    UART1_TxChar                             0x00000f88   ARM Code      60  uart.o(i.UART1_TxChar)
    UART1_init                               0x00000fc8   ARM Code      76  uart.o(i.UART1_init)
    Inline ARM to Thumb Veneer to __2sprintf 0x00001018   ARM Code       8  printfa.o(i.__0sprintf)
    __0sprintf                               0x00001021   Thumb Code    36  printfa.o(i.__0sprintf)
    __1sprintf                               0x00001021   Thumb Code     0  printfa.o(i.__0sprintf)
    __2sprintf                               0x00001021   Thumb Code     0  printfa.o(i.__0sprintf)
    __c89sprintf                             0x00001021   Thumb Code     0  printfa.o(i.__0sprintf)
    sprintf                                  0x00001021   Thumb Code     0  printfa.o(i.__0sprintf)
    __ARM_clz                                0x00001049   Thumb Code    46  depilogue.o(i.__ARM_clz)
    __ARM_common_call_via_r2                 0x00001077   Thumb Code     2  printf1.o(i.__ARM_common_call_via_r2)
    __ARM_common_call_via_r3                 0x00001079   Thumb Code     2  init.o(i.__ARM_common_call_via_r3)
    __ARM_common_call_via_r6                 0x0000107b   Thumb Code     2  printfb.o(i.__ARM_common_call_via_r6)
    __scatterload_copy                       0x0000107c   ARM Code      28  handlers.o(i.__scatterload_copy)
    __scatterload_null                       0x00001098   ARM Code       4  handlers.o(i.__scatterload_null)
    __scatterload_zeroinit                   0x0000109c   ARM Code      24  handlers.o(i.__scatterload_zeroinit)
    adc                                      0x000019a0   ARM Code     220  animal.o(i.adc)
    beep                                     0x00001a8c   ARM Code      60  animal.o(i.beep)
    delay_ms                                 0x00001ad0   ARM Code      48  lcd.o(i.delay_ms)
    delay_us                                 0x00001b04   ARM Code      52  lcd.o(i.delay_us)
    hrsense                                  0x00001b38   ARM Code     384  animal.o(i.hrsense)
    main                                     0x00001cfc   ARM Code     876  animal.o(i.main)
    timer1_Init                              0x00002068   ARM Code      80  animal.o(i.timer1_Init)
    Region$$Table$$Base                      0x000020c4   Number         0  anon$$obj.o(Region$$Table)
    Region$$Table$$Limit                     0x000020e4   Number         0  anon$$obj.o(Region$$Table)
    beatms                                   0x40000000   Data           4  animal.o(.data)
    temp                                     0x40000004   Data           4  animal.o(.data)
    tempc                                    0x40000008   Data           4  animal.o(.data)
    tempf                                    0x4000000c   Data           4  animal.o(.data)
    count                                    0x40000010   Data           4  animal.o(.data)
    count1                                   0x40000014   Data           4  animal.o(.data)
    bpm                                      0x40000018   Data           4  animal.o(.data)
    ch                                       0x4000001c   Data           1  animal.o(.data)
    pos                                      0x4000001d   Data           1  animal.o(.data)
    Altitude_Buffer                          0x4000001e   Data           8  animal.o(.data)
    GGA                                      0x40000026   Data           3  animal.o(.data)
    GGA_Index                                0x4000002a   Data           2  animal.o(.data)
    CommaCounter                             0x4000002c   Data           2  animal.o(.data)
    IsItGGAString                            0x4000002e   Data           1  animal.o(.data)
    x                                        0x40000030   Data           4  animal.o(.data)
    rtc                                      0x40000034   Data          12  animal.o(.bss)
    buf                                      0x40000040   Data          50  animal.o(.bss)
    sbuffer                                  0x40000072   Data          30  animal.o(.bss)
    Latitude_Buffer                          0x40000090   Data          15  animal.o(.bss)
    Longitude_Buffer                         0x4000009f   Data          15  animal.o(.bss)
    Time_Buffer                              0x400000ae   Data          15  animal.o(.bss)
    iir_val                                  0x400000bd   Data          10  animal.o(.bss)
    GGA_String                               0x400000c7   Data         150  animal.o(.bss)
    GGA_Comma_Pointers                       0x4000015d   Data          20  animal.o(.bss)
    __initial_sp                             0x40000578   Data         136  startup.o(STACK)



==============================================================================

Memory Map of the image

  Image Entry point : 0x00000108

  Load Region LR_IROM1 (Base: 0x00000000, Size: 0x00002118, Max: 0x00080000, ABSOLUTE)

    Execution Region ER_IROM1 (Exec base: 0x00000000, Load base: 0x00000000, Size: 0x000020e4, Max: 0x00080000, ABSOLUTE)

    Exec Addr    Load Addr    Size         Type   Attr      Idx    E Section Name        Object

    0x00000000   0x00000000   0x00000108   Code   RO            3    RESET               startup.o
    0x00000108   0x00000108   0x00000000   Code   RO          301  * .ARM.Collect$$$$00000000  mc_t.l(entry.o)
    0x00000108   0x00000108   0x00000004   Code   RO          599    .ARM.Collect$$$$00000001  mc_t.l(entry2.o)
    0x0000010c   0x0000010c   0x00000004   Code   RO          601    .ARM.Collect$$$$00000004  mc_t.l(entry5.o)
    0x00000110   0x00000110   0x00000000   Code   RO          603    .ARM.Collect$$$$00000008  mc_t.l(entry7b.o)
    0x00000110   0x00000110   0x00000000   Code   RO          605    .ARM.Collect$$$$0000000A  mc_t.l(entry8b.o)
    0x00000110   0x00000110   0x0000000c   Code   RO          606    .ARM.Collect$$$$0000000B  mc_t.l(entry9a.o)
    0x0000011c   0x0000011c   0x00000000   Code   RO          608    .ARM.Collect$$$$0000000D  mc_t.l(entry10a.o)
    0x0000011c   0x0000011c   0x00000000   Code   RO          610    .ARM.Collect$$$$0000000F  mc_t.l(entry11a.o)
    0x0000011c   0x0000011c   0x00000004   Code   RO          600    .ARM.Collect$$$$00002712  mc_t.l(entry2.o)
    0x00000120   0x00000120   0x00000008   Ven    RO          304    .text               mc_t.l(uidiv.o)
    0x00000128   0x00000128   0x0000002e   Code   RO          304    .text               mc_t.l(uidiv.o)
    0x00000156   0x00000156   0x00000002   PAD
    0x00000158   0x00000158   0x00000008   Ven    RO          306    .text               mc_t.l(memseta.o)
    0x00000160   0x00000160   0x0000002a   Code   RO          306    .text               mc_t.l(memseta.o)
    0x0000018a   0x0000018a   0x00000002   PAD
    0x0000018c   0x0000018c   0x00000008   Ven    RO          577    .text               mf_t.l(fdiv.o)
    0x00000194   0x00000194   0x00000080   Code   RO          577    .text               mf_t.l(fdiv.o)
    0x00000214   0x00000214   0x00000008   Ven    RO          579    .text               mf_t.l(dmul.o)
    0x0000021c   0x0000021c   0x000000d4   Code   RO          579    .text               mf_t.l(dmul.o)
    0x000002f0   0x000002f0   0x00000008   Ven    RO          581    .text               mf_t.l(ddiv.o)
    0x000002f8   0x000002f8   0x000000f4   Code   RO          581    .text               mf_t.l(ddiv.o)
    0x000003ec   0x000003ec   0x00000008   Ven    RO          585    .text               mf_t.l(ffltui.o)
    0x000003f4   0x000003f4   0x00000012   Code   RO          585    .text               mf_t.l(ffltui.o)
    0x00000406   0x00000406   0x00000002   PAD
    0x00000408   0x00000408   0x00000008   Ven    RO          587    .text               mf_t.l(dfltui.o)
    0x00000410   0x00000410   0x00000020   Code   RO          587    .text               mf_t.l(dfltui.o)
    0x00000430   0x00000430   0x00000008   Ven    RO          591    .text               mf_t.l(dfixui.o)
    0x00000438   0x00000438   0x00000040   Code   RO          591    .text               mf_t.l(dfixui.o)
    0x00000478   0x00000478   0x00000008   Ven    RO          593    .text               mf_t.l(f2d.o)
    0x00000480   0x00000480   0x00000028   Code   RO          593    .text               mf_t.l(f2d.o)
    0x000004a8   0x000004a8   0x00000008   Ven    RO          597    .text               mf_t.l(cfrcmple.o)
    0x000004b0   0x000004b0   0x00000014   Code   RO          597    .text               mf_t.l(cfrcmple.o)
    0x000004c4   0x000004c4   0x00000068   Code   RO          615    .text               mc_t.l(uldiv.o)
    0x0000052c   0x0000052c   0x00000024   Code   RO          617    .text               mc_t.l(llushr.o)
    0x00000550   0x00000550   0x00000000   Code   RO          630    .text               mc_t.l(iusefp.o)
    0x00000550   0x00000550   0x00000082   Code   RO          631    .text               mf_t.l(fepilogue.o)
    0x000005d2   0x000005d2   0x000000c4   Code   RO          633    .text               mf_t.l(depilogue.o)
    0x00000696   0x00000696   0x00000002   PAD
    0x00000698   0x00000698   0x00000168   Code   RO          637    .text               mf_t.l(dadd.o)
    0x00000800   0x00000800   0x00000044   Code   RO          639    .text               mf_t.l(dfixul.o)
    0x00000844   0x00000844   0x00000028   Code   RO          641    .text               mf_t.l(cdrcmple.o)
    0x0000086c   0x0000086c   0x00000008   Ven    RO          643    .text               mc_t.l(init.o)
    0x00000874   0x00000874   0x00000020   Code   RO          643    .text               mc_t.l(init.o)
    0x00000894   0x00000894   0x00000022   Code   RO          648    .text               mc_t.l(llshl.o)
    0x000008b6   0x000008b6   0x00000028   Code   RO          650    .text               mc_t.l(llsshr.o)
    0x000008de   0x000008de   0x00000002   PAD
    0x000008e0   0x000008e0   0x00000008   Ven    RO          722    Veneer$$Code        anon$$obj.o
    0x000008e8   0x000008e8   0x0000000c   Ven    RO          723    Veneer$$Code        anon$$obj.o
    0x000008f4   0x000008f4   0x00000054   Code   RO            8    i.Board_Init        animal.o
    0x00000948   0x00000948   0x000000a0   Code   RO           10    i.GPS_Init          animal.o
    0x000009e8   0x000009e8   0x00000030   Code   RO          161    i.LCD_CmdWrite      lcd.o
    0x00000a18   0x00000a18   0x00000030   Code   RO          162    i.LCD_DataWrite     lcd.o
    0x00000a48   0x00000a48   0x00000028   Code   RO          163    i.LCD_DisplayString  lcd.o
    0x00000a70   0x00000a70   0x00000038   Code   RO          164    i.LCD_Init          lcd.o
    0x00000aa8   0x00000aa8   0x0000005c   Code   RO          165    i.LCD_Reset         lcd.o
    0x00000b04   0x00000b04   0x00000038   Code   RO          166    i.LCD_SendCmdSignals  lcd.o
    0x00000b3c   0x00000b3c   0x00000038   Code   RO          167    i.LCD_SendDataSignals  lcd.o
    0x00000b74   0x00000b74   0x00000024   Code   RO          168    i.LCD_SendHigherNibble  lcd.o
    0x00000b98   0x00000b98   0x0000005c   Code   RO           11    i.RTC_GetDateTime   animal.o
    0x00000bf4   0x00000bf4   0x00000014   Code   RO           12    i.RTC_Init          animal.o
    0x00000c08   0x00000c08   0x00000044   Code   RO           13    i.RTC_SetDateTime   animal.o
    0x00000c4c   0x00000c4c   0x00000068   Code   RO           14    i.SystemInit        animal.o
    0x00000cb4   0x00000cb4   0x0000006c   Code   RO           15    i.Timer1_ISR        animal.o
    0x00000d20   0x00000d20   0x00000140   Code   RO           16    i.UART0_Interrupt   animal.o
    0x00000e60   0x00000e60   0x00000050   Code   RO          251    i.UART0_SendString  uart.o
    0x00000eb0   0x00000eb0   0x00000040   Code   RO          252    i.UART0_TxChar      uart.o
    0x00000ef0   0x00000ef0   0x00000048   Code   RO          253    i.UART0_init        uart.o
    0x00000f38   0x00000f38   0x00000050   Code   RO          254    i.UART1_SendString  uart.o
    0x00000f88   0x00000f88   0x00000040   Code   RO          255    i.UART1_TxChar      uart.o
    0x00000fc8   0x00000fc8   0x00000050   Code   RO          256    i.UART1_init        uart.o
    0x00001018   0x00001018   0x00000008   Ven    RO          547    i.__0sprintf        mc_t.l(printfa.o)
    0x00001020   0x00001020   0x00000028   Code   RO          547    i.__0sprintf        mc_t.l(printfa.o)
    0x00001048   0x00001048   0x0000002e   Code   RO          635    i.__ARM_clz         mf_t.l(depilogue.o)
    0x00001076   0x00001076   0x00000002   Code   RO          376    i.__ARM_common_call_via_r2  mc_t.l(printf1.o)
    0x00001078   0x00001078   0x00000002   Code   RO          645    i.__ARM_common_call_via_r3  mc_t.l(init.o)
    0x0000107a   0x0000107a   0x00000002   Code   RO          330    i.__ARM_common_call_via_r6  mc_t.l(printfb.o)
    0x0000107c   0x0000107c   0x0000001c   Code   RO          704    i.__scatterload_copy  mc_t.l(handlers.o)
    0x00001098   0x00001098   0x00000004   Code   RO          705    i.__scatterload_null  mc_t.l(handlers.o)
    0x0000109c   0x0000109c   0x00000018   Code   RO          706    i.__scatterload_zeroinit  mc_t.l(handlers.o)
    0x000010b4   0x000010b4   0x00000178   Code   RO          552    i._fp_digits        mc_t.l(printfa.o)
    0x0000122c   0x0000122c   0x00000710   Code   RO          553    i._printf_core      mc_t.l(printfa.o)
    0x0000193c   0x0000193c   0x00000026   Code   RO          554    i._printf_post_padding  mc_t.l(printfa.o)
    0x00001962   0x00001962   0x00000032   Code   RO          555    i._printf_pre_padding  mc_t.l(printfa.o)
    0x00001994   0x00001994   0x0000000a   Code   RO          557    i._sputc            mc_t.l(printfa.o)
    0x0000199e   0x0000199e   0x00000002   PAD
    0x000019a0   0x000019a0   0x000000ec   Code   RO           17    i.adc               animal.o
    0x00001a8c   0x00001a8c   0x00000044   Code   RO           18    i.beep              animal.o
    0x00001ad0   0x00001ad0   0x00000034   Code   RO          169    i.delay_ms          lcd.o
    0x00001b04   0x00001b04   0x00000034   Code   RO          170    i.delay_us          lcd.o
    0x00001b38   0x00001b38   0x000001c4   Code   RO           24    i.hrsense           animal.o
    0x00001cfc   0x00001cfc   0x0000036c   Code   RO           25    i.main              animal.o
    0x00002068   0x00002068   0x0000005c   Code   RO           26    i.timer1_Init       animal.o
    0x000020c4   0x000020c4   0x00000020   Data   RO          702    Region$$Table       anon$$obj.o


    Execution Region RW_IRAM1 (Exec base: 0x40000000, Load base: 0x000020e4, Size: 0x00000600, Max: 0x00008000, ABSOLUTE)

    Exec Addr    Load Addr    Size         Type   Attr      Idx    E Section Name        Object

    0x40000000   0x000020e4   0x00000034   Data   RW           28    .data               animal.o
    0x40000034        -       0x0000013d   Zero   RW           27    .bss                animal.o
    0x40000171   0x00002118   0x00000007   PAD
    0x40000178        -       0x00000488   Zero   RW            1    STACK               startup.o


==============================================================================

Image component sizes


      Code (inc. data)   RO Data    RW Data    ZI Data      Debug   Object Name

      2680        376          0         52        317      12767   animal.o
       536         16          0          0          0       4618   lcd.o
       264         48          0          0       1160        328   startup.o
       440         24          0          0          0       2706   uart.o

    ----------------------------------------------------------------------
      3940        468         32         52       1484      20419   Object Totals
        20          4         32          0          0          0   (incl. Generated)
         0          0          0          0          7          0   (incl. Padding)

    ----------------------------------------------------------------------

      Code (inc. data)   RO Data    RW Data    ZI Data      Debug   Library Member Name

         0          0          0          0          0          0   entry.o
         0          0          0          0          0          0   entry10a.o
         0          0          0          0          0          0   entry11a.o
         8          4          0          0          0          0   entry2.o
         4          0          0          0          0          0   entry5.o
         0          0          0          0          0          0   entry7b.o
         0          0          0          0          0          0   entry8b.o
        12          4          0          0          0          0   entry9a.o
        56          0          0          0          0          0   handlers.o
        42          8          0          0          0        136   init.o
         0          0          0          0          0          0   iusefp.o
        34          0          0          0          0         72   llshl.o
        40          0          0          0          0         72   llsshr.o
        36          0          0          0          0         72   llushr.o
        50          0          0          0          0        112   memseta.o
         2          0          0          0          0         60   printf1.o
      2330         96          0          0          0        524   printfa.o
         2          0          0          0          0         60   printfb.o
        54          0          0          0          0         72   uidiv.o
       104          0          0          0          0         96   uldiv.o
        40          0          0          0          0         68   cdrcmple.o
        28          0          0          0          0         68   cfrcmple.o
       360          4          0          0          0        152   dadd.o
       252          6          0          0          0         96   ddiv.o
       242          0          0          0          0        232   depilogue.o
        72         10          0          0          0         80   dfixui.o
        68         10          0          0          0         80   dfixul.o
        40          6          0          0          0         76   dfltui.o
       220          6          0          0          0        100   dmul.o
        48          0          0          0          0         60   f2d.o
       136          0          0          0          0         88   fdiv.o
       130          0          0          0          0        144   fepilogue.o
        26          0          0          0          0         80   ffltui.o

    ----------------------------------------------------------------------
      4448        154          0          0          0       2600   Library Totals
        12          0          0          0          0          0   (incl. Padding)

    ----------------------------------------------------------------------

      Code (inc. data)   RO Data    RW Data    ZI Data      Debug   Library Name

      2774        112          0          0          0       1276   mc_t.l
      1662         42          0          0          0       1324   mf_t.l

    ----------------------------------------------------------------------
      4448        154          0          0          0       2600   Library Totals

    ----------------------------------------------------------------------

==============================================================================


      Code (inc. data)   RO Data    RW Data    ZI Data      Debug   

      8388        622         32         52       1484      20667   Grand Totals
      8388        622         32         52       1484      20667   ELF Image Totals
      8388        622         32         52          0          0   ROM Totals

==============================================================================

    Total RO  Size (Code + RO Data)                 8420 (   8.22kB)
    Total RW  Size (RW Data + ZI Data)              1536 (   1.50kB)
    Total ROM Size (Code + RO Data + RW Data)       8472 (   8.27kB)

==============================================================================

